(program
  1.0.0
  [
    [
      [
        (force
          (delay
            (lam
              GHC_Types_Nil_i0
              (lam
                GHC_Types_Cons_i0
                (lam
                  match_GHC_Types_Nil_i0
                  [
                    [ (force GHC_Types_Cons_i2) (con integer 1) ]
                    (force GHC_Types_Nil_i3)
                  ]
                )
              )
            )
          )
        )
        (delay (tag 0 (prod )))
      ]
      (delay (lam arg_0_i0 (lam arg_1_i0 (tag 1 (prod arg_0_i2 arg_1_i1)))))
    ]
    (delay
      (lam
        x_i0
        (delay
          (lam
            case_GHC_Types_Nil_i0
            (lam
              case_GHC_Types_Cons_i0
              (case
                x_i3
                (lam e_i0 [ case_GHC_Types_Nil_i3 e_i1 ])
                (lam e_i0 [ case_GHC_Types_Cons_i2 e_i1 ])
              )
            )
          )
        )
      )
    )
  ]
)