(program
  1.0.0
  [
    [
      [
        [
          (force
            (delay
              (lam
                Plugin_Data_Spec_Mono1_i0
                (lam
                  Plugin_Data_Spec_Mono2_i0
                  (lam
                    Plugin_Data_Spec_Mono3_i0
                    (lam
                      match_Plugin_Data_Spec_MyMonoData_i0
                      [ Plugin_Data_Spec_Mono2_i3 (con integer 2) ]
                    )
                  )
                )
              )
            )
          )
          (lam arg_0_i0 (lam arg_1_i0 (tag 0 (prod arg_0_i2 arg_1_i1))))
        ]
        (lam arg_0_i0 (tag 1 (prod arg_0_i1)))
      ]
      (lam arg_0_i0 (tag 2 (prod arg_0_i1)))
    ]
    (lam
      x_i0
      (delay
        (lam
          case_Plugin_Data_Spec_Mono1_i0
          (lam
            case_Plugin_Data_Spec_Mono2_i0
            (lam
              case_Plugin_Data_Spec_Mono3_i0
              (case
                x_i4
                (lam e_i0 [ case_Plugin_Data_Spec_Mono1_i4 e_i1 ])
                (lam e_i0 [ case_Plugin_Data_Spec_Mono2_i3 e_i1 ])
                (lam e_i0 [ case_Plugin_Data_Spec_Mono3_i2 e_i1 ])
              )
            )
          )
        )
      )
    )
  ]
)