listMatch:20:18:
   |
20 |     (lam p (prod (all a (type) (fun a a)) [List (all a (type) (fun a a))]) (proj 0 p))
   |                  ^
unexpected '('
expecting '(' or ')'
