(program
  (let
    (nonrec)
    (datatypebind
      (datatype
        (tyvardecl MyMonoRecord (type))

        MyMonoRecord_match
        (vardecl
          MyMonoRecord (fun (con integer) (fun (con integer) MyMonoRecord))
        )
      )
    )
    (lam
      ds
      MyMonoRecord
      [
        { [ MyMonoRecord_match ds ] (con integer) }
        (lam
          p
          (prod (con integer) (con integer))
          (let
            (nonrec) (termbind (strict) (vardecl i (con integer)) (proj 0 p)) i
          )
        )
      ]
    )
  )
)