(program
  (let
    (nonrec)
    (datatypebind
      (datatype
        (tyvardecl RecordNewtype (type))

        RecordNewtype_match
        (vardecl RecordNewtype (fun (con integer) RecordNewtype))
      )
    )
    (typebind (tyvardecl MyMonoRecord (type)) (all a (type) (fun a a)))
    (datatypebind
      (datatype
        (tyvardecl RecordWithStrictField (type))

        RecordWithStrictField_match
        (vardecl
          RecordWithStrictField
          (fun MyMonoRecord (fun (con integer) RecordWithStrictField))
        )
      )
    )
    (termbind
      (strict)
      (vardecl strictField (fun RecordWithStrictField RecordNewtype))
      (lam
        ds
        RecordWithStrictField
        [
          { [ RecordWithStrictField_match ds ] RecordNewtype }
          (lam
            p
            (prod MyMonoRecord (con integer))
            (let
              (nonrec)
              (termbind (strict) (vardecl dt (con integer)) (proj 1 p))
              [ RecordNewtype dt ]
            )
          )
        ]
      )
    )
    strictField
  )
)