<<<<<<< HEAD
({ cpu: 25785453668
| mem: 114392448
||||||| parent of 47195a460 (Require case bodies to be code rather than values)
({ cpu: 34253851275
| mem: 114392448
=======
({ cpu: 28826769289
| mem: 96164248
>>>>>>> 47195a460 (Require case bodies to be code rather than values)
})