An error has occurred:  A builtin received a term argument when something else was expected
Caused by: (ifThenElse True)