(fun (con integer) [ Maybe_9 (all a_31 (type) (fun a_31 a_31)) ])