even3:20:51:
   |
20 |         [{[match_Nat n] Bool} (lam p (prod) True) (lam p (prod Nat) [odd (proj 0 p)])]))
   |                                                   ^
unexpected '('
expecting ']'
