stupidZero:14:50:
   |
14 |         [{[match_Nat n] Nat} (lam p (prod) Zero) (lam p (prod Nat) [stupidZero (proj 0 p)])]))
   |                                                  ^
unexpected '('
expecting ']'
