(delay (lam case_EmptyRose_0 [ case_EmptyRose_0 (prod arg_0_1) ]))