(tag 1 (prod (con data #02) (tag 1 (prod (con data #03) (tag 0 (prod ))))))