(tag
  0
  (prod
    (con integer 1)
    (tag
      1 (prod (con integer 2) (tag 1 (prod (con integer 3) (tag 0 (prod )))))
    )
  )
)