(delay (lam case_Just_0 (lam case_Nothing_1 [ case_Just_0 (prod arg_0_2) ])))