plutus-conformance/uplc//evaluation/builtin/addInteger-uncurried/addInteger-uncurried.uplc:1:55:
  |
1 | (program 1.0.0 [ (builtin addInteger) (con integer 1) (con integer 2) ])
  |                                                       ^
unexpected '('
expecting ']'
