(program
  (let
    (nonrec)
    (datatypebind
      (datatype
        (tyvardecl MyPolyData (fun (type) (fun (type) (type))))
        (tyvardecl a (type)) (tyvardecl b (type))
        MyPolyData_match
        (vardecl Poly (fun a (fun b [ [ MyPolyData a ] b ])))
        (vardecl Poly (fun a [ [ MyPolyData a ] b ]))
      )
    )
    (lam
      ds
      [ [ MyPolyData (con integer) ] (con integer) ]
      [
        [
          {
            [ { { MyPolyData_match (con integer) } (con integer) } ds ]
            (con integer)
          }
          (lam p (prod (con integer) (con integer)) (con integer 1))
        ]
        (lam
          p
          (prod (con integer))
          (let
            (nonrec) (termbind (strict) (vardecl i (con integer)) (proj 0 p)) i
          )
        )
      ]
    )
  )
)