(Left Type mismatch at () in term
  '(prod (con integer 11) (con integer 12))'.
Expected type
  '(sum )',
found type
  '(prod (con integer) (con integer))')