(Left Type mismatch at () in term
  '(tag 0 (sum (con integer) (con integer)) (con integer 1))'.
Expected type
  '(sum )',
found type
  '(sum (con integer) (con integer))')