(Left An error has occurred:  error:
A non-tagged expression was scrutinitzed in a case expression)